---
source: crates/noeta-vm/src/tests.rs
expression: module.disassemble()
---
=== main ===
params: 0, registers: 7
constants:
  k0 = 0
  k1 = 1
  k2 = 2
  k3 = 3
  k4 = 0
  k5 = 1
code:
    0  LoadConst   r0 <- k0
    1  LoadConst   r2 <- k1
    2  LoadConst   r3 <- k2
    3  LoadConst   r4 <- k3
    4  MakeList    r1 <- [r2, r3, r4]  ; reflect #0
    5  IterSnapshot r2 <- r1
    6  ListLen     r1 <- len r2
    7  LoadConst   r3 <- k4
    8  LoadConst   r4 <- k5
    9  Binary      r5 <- r3 < r1
   10  JumpIfFalse r5 -> 18
   11  ListGet     r5 <- r2[r3]
   12  Binary      r6 <- r0 + r5
   13  Drop        r0 ~destruct
   14  Move        r0 <- r6
   15  Drop        r6
   16  Binary      r3 <- r3 + r4
   17  Jump        -> 9
   18  Stringify   r1 <- display(r0)
   19  Echo        r1
   20  Halt
