---
source: crates/noeta-vm/src/lib.rs
assertion_line: 5856
expression: module.disassemble()
---
shapes:
  s0 = enum E.Code(n)
=== main ===
params: 0, registers: 3
constants:
  k0 = 7
code:
    0  MakeClosure r0 <- proto 1 [0 captures]
    1  StoreGlobal "describe" <- r0
    2  LoadConst   r1 <- k0
    3  MakeEnum    r0 <- shape s0(r1)
    4  LoadGlobal  r2 <- "describe"
    5  Call        r1 <- r2(r0)
    6  Stringify   r0 <- display(r1)
    7  Echo        r0
    8  Halt
=== proto 1 ===
params: 1, registers: 2
constants:
  k0 = "empty"
  k1 = "code "
code:
    0  MatchVariant r0 is E.Empty/0 else -> 4
    1  LoadConst   r1 <- k0
    2  Move        r0 <- r1
    3  Jump        -> 11
    4  MatchVariant r0 is E.Code/1 else -> 10
    5  ExtractField r1 <- r0.0
    6  Stringify   r0 <- display(r1)
    7  BuildString r1 <- k1 ~ display(r0)
    8  Move        r0 <- r1
    9  Jump        -> 11
   10  MatchFail   r0
   11  Return      r0
   12  Halt
