---
source: crates/noeta-vm/src/tests.rs
expression: module.disassemble()
---
=== main ===
params: 0, registers: 2
constants:
  k0 = 6
code:
    0  MakeClosure r0 <- proto 1 [0 captures]
    1  StoreGlobal "fib" <- r0
    2  LoadConst   r1 <- k0
    3  CallGlobal  r0 <- "fib"(r1)
    4  Stringify   r1 <- display(r0)
    5  Echo        r1
    6  Halt
=== proto 1 ===
params: 1, registers: 4
constants:
  k0 = 2
  k1 = 1
  k2 = 2
code:
    0  LoadConst   r2 <- k0
    1  Binary      r1 <- r0 < r2
    2  CondBranch  r1 unless -> 4
    3  Return      r0
    4  LoadConst   r2 <- k1
    5  Binary      r1 <- r0 - r2
    6  CallGlobal  r2 <- "fib"(r1)
    7  Drop        r1 ~destruct
    8  LoadConst   r3 <- k2
    9  Binary      r1 <- r0 - r3
   10  Drop        r0
   11  CallGlobal  r0 <- "fib"(r1)
   12  Drop        r1 ~destruct
   13  Binary      r1 <- r2 + r0
   14  Return      r1
   15  Halt
