---
source: crates/noeta-vm/src/tests.rs
expression: module.disassemble()
---
=== main ===
params: 0, registers: 3
constants:
  k0 = 1
  k1 = 2
code:
    0  LoadConst   r0 <- k0
    1  LoadConst   r2 <- k1
    2  Binary      r1 <- r0 + r2
    3  Stringify   r0 <- display(r1)
    4  Echo        r0
    5  Halt
