---
source: crates/noeta-vm/src/lib.rs
expression: module.disassemble()
---
=== main ===
params: 0, registers: 5
constants:
  k0 = 1
  k1 = 2
  k2 = 3
  k3 = 4
code:
    0  LoadConst   r1 <- k0
    1  LoadConst   r2 <- k1
    2  LoadConst   r3 <- k2
    3  LoadConst   r4 <- k3
    4  MakeList    r0 <- [r1, r2, r3, r4]  ; reflect #0
    5  MakeClosure r1 <- proto 1 [0 captures]
    6  CallMethod  r2 <- r0.filter(r1)
    7  Drop        r0 ~destruct
    8  MakeClosure r0 <- proto 2 [0 captures]
    9  CallMethod  r1 <- r2.map(r0)
   10  Drop        r2 ~destruct
   11  CallMethod  r0 <- r1.sum()
   12  Drop        r1 ~destruct
   13  Stringify   r1 <- display(r0)
   14  Echo        r1
   15  Halt
=== proto 1 ===
params: 1, registers: 3
constants:
  k0 = 2
  k1 = 0
code:
    0  LoadConst   r2 <- k0
    1  Binary      r1 <- r0 % r2
    2  Drop        r0
    3  LoadConst   r2 <- k1
    4  Binary      r0 <- r1 == r2
    5  Return      r0
    6  Halt
=== proto 2 ===
params: 1, registers: 3
constants:
  k0 = 10
code:
    0  LoadConst   r2 <- k0
    1  Binary      r1 <- r0 * r2
    2  Drop        r0
    3  Return      r1
    4  Halt
