---
source: crates/lang-vm/src/lib.rs
assertion_line: 4282
expression: module.disassemble()
---
=== main ===
params: 0, registers: 3
constants:
  k0 = 6
code:
    0  MakeClosure r0 <- proto 1 [0 captures]
    1  StoreGlobal "fib" <- r0
    2  LoadGlobal  r1 <- "fib"
    3  LoadConst   r2 <- k0
    4  Call        r0 <- r1(r2)
    5  Stringify   r1 <- display(r0)
    6  Echo        r1
    7  Halt
=== proto 1 ===
params: 1, registers: 4
constants:
  k0 = 2
  k1 = 1
  k2 = 2
code:
    0  LoadConst   r2 <- k0
    1  Binary      r1 <- r0 < r2
    2  RequireCondBool r1 (if)
    3  JumpIfFalse r1 -> 5
    4  Return      r0
    5  LoadConst   r2 <- k1
    6  Binary      r1 <- r0 - r2
    7  LoadGlobal  r3 <- "fib"
    8  Call        r2 <- r3(r1)
    9  LoadConst   r3 <- k2
   10  Binary      r1 <- r0 - r3
   11  Drop        r0 ~destruct
   12  LoadGlobal  r3 <- "fib"
   13  Call        r0 <- r3(r1)
   14  Binary      r1 <- r2 + r0
   15  Return      r1
   16  Halt
