---
source: crates/lang-vm/src/lib.rs
expression: module.disassemble()
---
=== main ===
params: 0, registers: 15
constants:
  k0 = 0
  k1 = 1
  k2 = 2
  k3 = 3
  k4 = 0
  k5 = 1
code:
    0  LoadConst   r0 <- k0
    1  StoreGlobal "total" <- r0
    2  LoadConst   r2 <- k1
    3  LoadConst   r3 <- k2
    4  LoadConst   r4 <- k3
    5  MakeList    r1 <- [r2, r3, r4]
    6  IterSnapshot r5 <- r1
    7  ListLen     r6 <- len r5
    8  LoadConst   r7 <- k4
    9  LoadConst   r8 <- k5
   10  Binary      r9 <- r7 < r6
   11  JumpIfFalse r9 -> 18
   12  ListGet     r10 <- r5[r7]
   13  LoadGlobal  r12 <- "total"
   14  Binary      r11 <- r12 + r10
   15  StoreGlobal "total" <- r11
   16  Binary      r7 <- r7 + r8
   17  Jump        -> 10
   18  LoadGlobal  r13 <- "total"
   19  Stringify   r14 <- display(r13)
   20  Echo        r14
   21  Halt
