---
source: crates/lang-vm/src/lib.rs
expression: module.disassemble()
---
shapes:
  s0 = enum Result.Err()
  s1 = enum Result.Ok()
=== main ===
params: 0, registers: 5
code:
    0  MakeClosure r0 <- proto 1 [0 captures]
    1  StoreGlobal "validate" <- r0
    2  MakeClosure r1 <- proto 2 [0 captures]
    3  StoreGlobal "place" <- r1
    4  LoadGlobal  r3 <- "place"
    5  Call        r2 <- r3()
    6  Stringify   r4 <- display(r2)
    7  Echo        r4
    8  Halt
=== proto 1 ===
params: 0, registers: 2
constants:
  k0 = "bad"
code:
    0  LoadConst   r1 <- k0
    1  MakeEnum    r0 <- shape s0(r1)
    2  Return      r0
    3  Halt
=== proto 2 ===
params: 0, registers: 5
constants:
  k0 = "ok"
code:
    0  LoadGlobal  r2 <- "validate"
    1  Call        r1 <- r2()
    2  TryUnwrap   r0 <- r1?
    3  LoadConst   r4 <- k0
    4  MakeEnum    r3 <- shape s1(r4)
    5  Return      r3
    6  Halt
