---
source: crates/lang-vm/src/lib.rs
expression: module.disassemble()
---
shapes:
  s0 = enum Status.Pending()
  s1 = Class Order{id, status}
methods:
  Order.new -> proto 1
  Order.tag -> proto 2
=== main ===
params: 0, registers: 7
constants:
  k0 = unit
  k1 = 7
code:
    0  LoadConst   r1 <- k0
    1  LoadConst   r2 <- k1
    2  MakeClosure r3 <- proto 1 [0 captures]
    3  Call        r0 <- r3(r1, r2)
    4  StoreGlobal "o" <- r0
    5  LoadGlobal  r5 <- "o"
    6  CallMethod  r4 <- r5.tag()
    7  Stringify   r6 <- display(r4)
    8  Echo        r6
    9  Halt
=== proto 1 ===
params: 2, registers: 4
code:
    0  MakeEnum    r2 <- shape s0()
    1  MakeRecord  r3 <- shape s1 {s0=r1, s1=r2}
    2  Drop        r1
    3  Return      r3
    4  Halt
=== proto 2 ===
params: 1, registers: 2
code:
    0  LoadField   r1 <- r0.id
    1  Return      r1
    2  Halt
