---
source: crates/lang-vm/src/lib.rs
expression: module.disassemble()
---
=== main ===
params: 0, registers: 11
constants:
  k0 = 1
  k1 = 2
  k2 = 3
  k3 = 4
code:
    0  LoadConst   r1 <- k0
    1  LoadConst   r2 <- k1
    2  LoadConst   r3 <- k2
    3  LoadConst   r4 <- k3
    4  MakeList    r0 <- [r1, r2, r3, r4]
    5  MakeClosure r5 <- proto 1 [0 captures]
    6  CallBuiltin r6 <- filter(r0, r5)
    7  MakeClosure r7 <- proto 2 [0 captures]
    8  CallBuiltin r8 <- map(r6, r7)
    9  CallBuiltin r9 <- sum(r8)
   10  Stringify   r10 <- display(r9)
   11  Echo        r10
   12  Halt
=== proto 1 ===
params: 1, registers: 5
constants:
  k0 = 2
  k1 = 0
code:
    0  LoadConst   r2 <- k0
    1  Binary      r1 <- r0 % r2
    2  Drop        r0
    3  LoadConst   r4 <- k1
    4  Binary      r3 <- r1 == r4
    5  Return      r3
    6  Halt
=== proto 2 ===
params: 1, registers: 3
constants:
  k0 = 10
code:
    0  LoadConst   r2 <- k0
    1  Binary      r1 <- r0 * r2
    2  Drop        r0
    3  Return      r1
    4  Halt
