---
source: crates/lang-vm/src/lib.rs
expression: module.disassemble()
---
=== main ===
params: 0, registers: 3
constants:
  k0 = 1
  k1 = 2
code:
    0  LoadConst   r0 <- k0
    1  StoreGlobal "x" <- r0
    2  LoadGlobal  r1 <- "x"
    3  LoadConst   r2 <- k1
    4  Binary      r1 <- r1 + r2
    5  Echo        r1
    6  Halt
