---
source: crates/lang-vm/src/lib.rs
expression: chunk.disassemble()
---
registers: 4
constants:
  k0 = 1
  k1 = 2
code:
    0  LoadConst   r0 <- k0
    1  Move        r1 <- r0
    2  Move        r2 <- r1
    3  LoadConst   r3 <- k1
    4  Binary      r2 <- r2 + r3
    5  Echo        r2
    6  Halt
