---
source: crates/noeta-parser/src/lib.rs
expression: pretty(src)
---
(program @0..2679
  (namespace App.Orders @668..689)
  (use App.Models [User] @691..711)
  (struct Item [price qty] @713..750)
  (enum-backed Status [Pending Paid Refunded] @752..846)
  (enum OrderError [Empty NegativePrice(index)] @848..909)
  (class Order [id customer items mut status] @911..1519
    (fn new [id customer items] @1006..1162
      (return @1074..1156
        (object Order @1081..1155
          (field id @1089..1095
            (ident id @1093..1095))
          (field customer @1097..1115
            (ident customer @1107..1115))
          (field items @1117..1129
            (ident items @1124..1129))
          (field status @1131..1153
            (member Pending @1139..1153
              (ident Status @1139..1145))))))
    (fn total [] @1168..1254
      (return @1196..1248
        (call @1203..1247
          (member sum @1203..1245
            (call @1203..1241
              (member map @1203..1212
                (ident items @1203..1208))
              (closure [it] @1213..1240
                (binary "*" @1223..1240
                  (member price @1223..1231
                    (ident it @1223..1225))
                  (member qty @1234..1240
                    (ident it @1234..1236)))))))))
    (fn label [] @1260..1517
      (return @1289..1511
        (match @1296..1510
          (ident status @1302..1308)
          (arm Status.Pending
            (interp @1342..1373
              (lit "Order #")
              (hole
                (ident id @1352..1354))
              (lit " awaiting payment")))
          (arm Status.Paid
            (interp @1406..1443
              (lit "Order #")
              (hole
                (ident id @1416..1418))
              (lit " paid: ")
              (hole
                (member name @1428..1441
                  (ident customer @1428..1436)))))
          (arm Status.Refunded
            (interp @1476..1499
              (lit "Order #")
              (hole
                (ident id @1486..1488))
              (lit " refunded")))))))
  (fn validate [items] @1521..1815
    (if @1584..1651
      (binary "==" @1587..1605
        (call @1587..1600
          (member count @1587..1598
            (ident items @1587..1592)))
        (int 0 @1604..1605))
      (then
        (return @1616..1645
          (call @1623..1644
            (ident Err @1623..1626)
            (member Empty @1627..1643
              (ident OrderError @1627..1637))))))
    (for [(i, item)] @1656..1796
      (call @1673..1690
        (member enumerate @1673..1688
          (ident items @1673..1678)))
      (if @1701..1790
        (binary "<" @1704..1718
          (member price @1704..1714
            (ident item @1704..1708))
          (int 0 @1717..1718))
        (then
          (return @1733..1780
            (call @1740..1779
              (ident Err @1740..1743)
              (call @1744..1778
                (member NegativePrice @1744..1768
                  (ident OrderError @1744..1754))
                (ident i @1776..1777)))))))
    (return @1801..1813
      (call @1808..1812
        (ident Ok @1808..1810))))
  (fn place [items customer] @1817..1967
    (expr-stmt @1894..1911
      (try @1894..1910
        (call @1894..1909
          (ident validate @1894..1902)
          (ident items @1903..1908))))
    (return @1916..1965
      (call @1923..1964
        (ident Ok @1923..1925)
        (call @1926..1963
          (member new @1926..1935
            (ident Order @1926..1931))
          (call @1936..1945
            (ident next_id @1936..1943))
          (ident customer @1947..1955)
          (ident items @1957..1962)))))
  (fn describe [items customer] @1988..2330
    (return @2049..2328
      (match @2056..2327
        (call @2062..2084
          (ident place @2062..2067)
          (ident items @2068..2073)
          (ident customer @2075..2083))
        (arm Ok(order)
          (call @2109..2122
            (member label @2109..2120
              (ident order @2109..2114))))
        (arm Err(error)
          (match @2146..2320
            (ident error @2152..2157)
            (arm OrderError.Empty
              (str "Cannot place an empty order" @2203..2232))
            (arm OrderError.NegativePrice(i)
              (interp @2277..2309
                (lit "Item ")
                (hole
                  (ident i @2285..2286))
                (lit " has a negative price"))))))))
  (binding customer @2332..2373
    (object User @2343..2372
      (field name @2350..2370
        (str "Ada Lovelace" @2356..2370))))
  (binding items @2374..2443
    (list @2382..2442
      (object Item @2383..2411
        (field price @2390..2401
          (float 9.99 @2397..2401))
        (field qty @2403..2409
          (int 2 @2408..2409)))
      (object Item @2413..2441
        (field price @2420..2431
          (float 4.5 @2427..2431))
        (field qty @2433..2439
          (int 1 @2438..2439)))))
  (binding order @2445..2476
    (call @2453..2475
      (ident place @2453..2458)
      (ident items @2459..2464)
      (ident customer @2466..2474)))
  (echo @2477..2560
    (match @2482..2559
      (ident order @2488..2493)
      (arm Ok(o)
        (interp @2510..2532
          (lit "Placed: ")
          (hole
            (call @2521..2530
              (member label @2521..2528
                (ident o @2521..2522))))))
      (arm Err(e)
        (str "Failed" @2548..2556))))
  (echo @2561..2592
    (call @2566..2591
      (ident describe @2566..2574)
      (ident items @2575..2580)
      (ident customer @2582..2590)))
  (echo @2593..2621
    (call @2598..2620
      (ident describe @2598..2606)
      (list @2607..2609)
      (ident customer @2611..2619)))
  (echo @2622..2678
    (call @2627..2677
      (ident describe @2627..2635)
      (list @2636..2666
        (object Item @2637..2665
          (field price @2644..2655
            (unary "-" @2651..2655
              (float 1 @2652..2655)))
          (field qty @2657..2663
            (int 1 @2662..2663))))
      (ident customer @2668..2676))))
