---
source: crates/noeta-parser/src/lib.rs
assertion_line: 337
expression: parsed.program.to_pretty_string()
---
(program @0..22
  (echo @0..22
    (binary "&&" @5..21
      (binary "<" @5..11
        (unary "-" @5..7
          (int 1 @6..7))
        (int 2 @10..11))
      (unary "!" @15..21
        (bool false @16..21)))))
