---
source: crates/noeta-parser/src/lib.rs
expression: pretty(src)
---
(program @0..2699
  (namespace App.Orders @668..689)
  (use App.Models [User] @691..711)
  (use std.id [next_id] @712..733)
  (struct Item [price qty] @735..772)
  (enum-backed Status [Pending Paid Refunded] @774..868)
  (enum OrderError [Empty NegativePrice(index)] @870..931)
  (class Order [id customer items mut status] @933..1541
    (fn new [id customer items] @1028..1184
      (return @1096..1178
        (object Order @1103..1177
          (field id @1111..1117
            (ident id @1115..1117))
          (field customer @1119..1137
            (ident customer @1129..1137))
          (field items @1139..1151
            (ident items @1146..1151))
          (field status @1153..1175
            (member Pending @1161..1175
              (ident Status @1161..1167))))))
    (fn total [] @1190..1276
      (return @1218..1270
        (call @1225..1269
          (member sum @1225..1267
            (call @1225..1263
              (member map @1225..1234
                (ident items @1225..1230))
              (closure [it] @1235..1262
                (binary "*" @1245..1262
                  (member price @1245..1253
                    (ident it @1245..1247))
                  (member qty @1256..1262
                    (ident it @1256..1258)))))))))
    (fn label [] @1282..1539
      (return @1311..1533
        (match @1318..1532
          (ident status @1324..1330)
          (arm Status.Pending
            (interp @1364..1395
              (lit "Order #")
              (hole
                (ident id @1374..1376))
              (lit " awaiting payment")))
          (arm Status.Paid
            (interp @1428..1465
              (lit "Order #")
              (hole
                (ident id @1438..1440))
              (lit " paid: ")
              (hole
                (member name @1450..1463
                  (ident customer @1450..1458)))))
          (arm Status.Refunded
            (interp @1498..1521
              (lit "Order #")
              (hole
                (ident id @1508..1510))
              (lit " refunded")))))))
  (fn validate [items] @1543..1835
    (if @1606..1671
      (binary "==" @1609..1625
        (call @1609..1620
          (member len @1609..1618
            (ident items @1609..1614)))
        (int 0 @1624..1625))
      (then
        (return @1636..1665
          (call @1643..1664
            (ident Err @1643..1646)
            (member Empty @1647..1663
              (ident OrderError @1647..1657))))))
    (for [(i, item)] @1676..1816
      (call @1693..1710
        (member enumerate @1693..1708
          (ident items @1693..1698)))
      (if @1721..1810
        (binary "<" @1724..1738
          (member price @1724..1734
            (ident item @1724..1728))
          (int 0 @1737..1738))
        (then
          (return @1753..1800
            (call @1760..1799
              (ident Err @1760..1763)
              (call @1764..1798
                (member NegativePrice @1764..1788
                  (ident OrderError @1764..1774))
                (ident i @1796..1797)))))))
    (return @1821..1833
      (call @1828..1832
        (ident Ok @1828..1830))))
  (fn place [items customer] @1837..1987
    (expr-stmt @1914..1931
      (try @1914..1930
        (call @1914..1929
          (ident validate @1914..1922)
          (ident items @1923..1928))))
    (return @1936..1985
      (call @1943..1984
        (ident Ok @1943..1945)
        (call @1946..1983
          (member new @1946..1955
            (ident Order @1946..1951))
          (call @1956..1965
            (ident next_id @1956..1963))
          (ident customer @1967..1975)
          (ident items @1977..1982)))))
  (fn describe [items customer] @2008..2350
    (return @2069..2348
      (match @2076..2347
        (call @2082..2104
          (ident place @2082..2087)
          (ident items @2088..2093)
          (ident customer @2095..2103))
        (arm Ok(order)
          (call @2129..2142
            (member label @2129..2140
              (ident order @2129..2134))))
        (arm Err(error)
          (match @2166..2340
            (ident error @2172..2177)
            (arm OrderError.Empty
              (str "Cannot place an empty order" @2223..2252))
            (arm OrderError.NegativePrice(i)
              (interp @2297..2329
                (lit "Item ")
                (hole
                  (ident i @2305..2306))
                (lit " has a negative price"))))))))
  (binding customer @2352..2393
    (object User @2363..2392
      (field name @2370..2390
        (str "Ada Lovelace" @2376..2390))))
  (binding items @2394..2463
    (list @2402..2462
      (object Item @2403..2431
        (field price @2410..2421
          (float 9.99 @2417..2421))
        (field qty @2423..2429
          (int 2 @2428..2429)))
      (object Item @2433..2461
        (field price @2440..2451
          (float 4.5 @2447..2451))
        (field qty @2453..2459
          (int 1 @2458..2459)))))
  (binding order @2465..2496
    (call @2473..2495
      (ident place @2473..2478)
      (ident items @2479..2484)
      (ident customer @2486..2494)))
  (echo @2497..2580
    (match @2502..2579
      (ident order @2508..2513)
      (arm Ok(o)
        (interp @2530..2552
          (lit "Placed: ")
          (hole
            (call @2541..2550
              (member label @2541..2548
                (ident o @2541..2542))))))
      (arm Err(e)
        (str "Failed" @2568..2576))))
  (echo @2581..2612
    (call @2586..2611
      (ident describe @2586..2594)
      (ident items @2595..2600)
      (ident customer @2602..2610)))
  (echo @2613..2641
    (call @2618..2640
      (ident describe @2618..2626)
      (list @2627..2629)
      (ident customer @2631..2639)))
  (echo @2642..2698
    (call @2647..2697
      (ident describe @2647..2655)
      (list @2656..2686
        (object Item @2657..2685
          (field price @2664..2675
            (unary "-" @2671..2675
              (float 1 @2672..2675)))
          (field qty @2677..2683
            (int 1 @2682..2683))))
      (ident customer @2688..2696))))
