---
source: crates/noeta-parser/src/lib.rs
expression: "pretty(\"struct Cfg { name: string retries: int = 3 tags: List<int> = [] } class Counter { pub mut n: int = base() pub label: string = \\\"x\\\" }\")"
---
(program @0..131
  (struct Cfg [name: string retries: int = tags: List<int> =] @0..65
    (field-default retries
      (int 3 @41..42))
    (field-default tags
      (list @61..63)))
  (class Counter [pub mut n: int = pub label: string =] @66..131
    (field-default n
      (call @99..105
        (ident base @99..103)))
    (field-default label
      (str "x" @126..129))))
