---
source: crates/noeta-parser/src/lib.rs
expression: pretty(src)
---
(program @0..2715
  (use App.Models [User] @669..689)
  (use std.id [next_id] @690..711)
  (struct Item [price: float qty: int] @713..750)
  (enum-backed Status: string [Pending= Paid= Refunded=] @752..846
    (variant-value Pending
      (str "pending" @788..797))
    (variant-value Paid
      (str "paid" @810..816))
    (variant-value Refunded
      (str "refunded" @833..843)))
  (enum OrderError [Empty NegativePrice(index: int)] @848..909)
  (class Order [id: int customer: User items: List<Item> mut status: Status] @911..1557
    (fn pub new [id: int customer: User items: List<Item>]: Order @1006..1166
      (return @1078..1160
        (object Order @1085..1159
          (field id @1093..1099
            (ident id @1097..1099))
          (field customer @1101..1119
            (ident customer @1111..1119))
          (field items @1121..1133
            (ident items @1128..1133))
          (field status @1135..1157
            (member Pending @1143..1157
              (ident Status @1143..1149))))))
    (fn total []: float @1172..1263
      (return @1200..1257
        (call @1207..1256
          (member sum @1207..1254
            (call @1207..1250
              (member map @1207..1221
                (member items @1207..1217
                  (ident self @1207..1211)))
              (closure [it] @1222..1249
                (binary "*" @1232..1249
                  (member price @1232..1240
                    (ident it @1232..1234))
                  (member qty @1243..1249
                    (ident it @1243..1245)))))))))
    (fn pub label []: string @1269..1555
      (return @1302..1549
        (match @1309..1548
          (member status @1315..1326
            (ident self @1315..1319))
          (arm Status.Pending
            (interp @1360..1396
              (lit "Order #")
              (hole
                (member id @1370..1377
                  (ident self @1370..1374)))
              (lit " awaiting payment")))
          (arm Status.Paid
            (interp @1429..1476
              (lit "Order #")
              (hole
                (member id @1439..1446
                  (ident self @1439..1443)))
              (lit " paid: ")
              (hole
                (member name @1456..1474
                  (member customer @1456..1469
                    (ident self @1456..1460))))))
          (arm Status.Refunded
            (interp @1509..1537
              (lit "Order #")
              (hole
                (member id @1519..1526
                  (ident self @1519..1523)))
              (lit " refunded")))))))
  (fn validate [items: List<Item>]: Result<void, OrderError> @1559..1851
    (if @1622..1687
      (binary "==" @1625..1641
        (call @1625..1636
          (member len @1625..1634
            (ident items @1625..1630)))
        (int 0 @1640..1641))
      (then
        (return @1652..1681
          (call @1659..1680
            (ident Err @1659..1662)
            (member Empty @1663..1679
              (ident OrderError @1663..1673))))))
    (for [(i, item)] @1692..1832
      (call @1709..1726
        (member enumerate @1709..1724
          (ident items @1709..1714)))
      (if @1737..1826
        (binary "<" @1740..1754
          (member price @1740..1750
            (ident item @1740..1744))
          (int 0 @1753..1754))
        (then
          (return @1769..1816
            (call @1776..1815
              (ident Err @1776..1779)
              (call @1780..1814
                (member NegativePrice @1780..1804
                  (ident OrderError @1780..1790))
                (arg index @1805..1813
                  (ident i @1812..1813))))))))
    (return @1837..1849
      (call @1844..1848
        (ident Ok @1844..1846))))
  (fn place [items: List<Item> customer: User]: Result<Order, OrderError> @1853..2003
    (expr-stmt @1930..1947
      (try @1930..1946
        (call @1930..1945
          (ident validate @1930..1938)
          (ident items @1939..1944))))
    (return @1952..2001
      (call @1959..2000
        (ident Ok @1959..1961)
        (call @1962..1999
          (member new @1962..1971
            (ident Order @1962..1967))
          (call @1972..1981
            (ident next_id @1972..1979))
          (ident customer @1983..1991)
          (ident items @1993..1998)))))
  (fn describe [items: List<Item> customer: User]: string @2024..2366
    (return @2085..2364
      (match @2092..2363
        (call @2098..2120
          (ident place @2098..2103)
          (ident items @2104..2109)
          (ident customer @2111..2119))
        (arm Ok(order)
          (call @2145..2158
            (member label @2145..2156
              (ident order @2145..2150))))
        (arm Err(error)
          (match @2182..2356
            (ident error @2188..2193)
            (arm OrderError.Empty
              (str "Cannot place an empty order" @2239..2268))
            (arm OrderError.NegativePrice(i)
              (interp @2313..2345
                (lit "Item ")
                (hole
                  (ident i @2321..2322))
                (lit " has a negative price"))))))))
  (binding customer @2368..2409
    (object User @2379..2408
      (field name @2386..2406
        (str "Ada Lovelace" @2392..2406))))
  (binding items @2410..2479
    (list @2418..2478
      (object Item @2419..2447
        (field price @2426..2437
          (float 9.99 @2433..2437))
        (field qty @2439..2445
          (int 2 @2444..2445)))
      (object Item @2449..2477
        (field price @2456..2467
          (float 4.5 @2463..2467))
        (field qty @2469..2475
          (int 1 @2474..2475)))))
  (binding order @2481..2512
    (call @2489..2511
      (ident place @2489..2494)
      (ident items @2495..2500)
      (ident customer @2502..2510)))
  (echo @2513..2596
    (match @2518..2595
      (ident order @2524..2529)
      (arm Ok(o)
        (interp @2546..2568
          (lit "Placed: ")
          (hole
            (call @2557..2566
              (member label @2557..2564
                (ident o @2557..2558))))))
      (arm Err(e)
        (str "Failed" @2584..2592))))
  (echo @2597..2628
    (call @2602..2627
      (ident describe @2602..2610)
      (ident items @2611..2616)
      (ident customer @2618..2626)))
  (echo @2629..2657
    (call @2634..2656
      (ident describe @2634..2642)
      (list @2643..2645)
      (ident customer @2647..2655)))
  (echo @2658..2714
    (call @2663..2713
      (ident describe @2663..2671)
      (list @2672..2702
        (object Item @2673..2701
          (field price @2680..2691
            (unary "-" @2687..2691
              (float 1 @2688..2691)))
          (field qty @2693..2699
            (int 1 @2698..2699))))
      (ident customer @2704..2712))))
