---
source: crates/noeta-parser/src/lib.rs
expression: "pretty(\"fn f(x: dyn): dyn { a = x.as<int | string>(); b = x.as<?int | string>(); return a; }\")"
---
(program @0..84
  (fn f [x: dyn]: dyn @0..84
    (binding a @20..45
      (as int | string @24..44
        (ident x @24..25)))
    (binding b @46..72
      (as ?int | string @50..71
        (ident x @50..51)))
    (return @73..82
      (ident a @80..81))))
