---
source: crates/lang-parser/src/lib.rs
assertion_line: 1460
expression: pretty(src)
---
(program @0..2731
  (namespace App.Orders @668..689)
  (use App.Models [User] @691..711)
  (record Item [price qty] @713..752)
  (enum-backed Status [Pending Paid Refunded] @754..848)
  (enum OrderError [Empty NegativePrice(index)] @850..911)
  (class Order [id customer items mut status] @913..1527
    (fn new [id customer items] @1008..1164
      (return @1076..1158
        (object Order @1083..1157
          (field id @1091..1097
            (ident id @1095..1097))
          (field customer @1099..1117
            (ident customer @1109..1117))
          (field items @1119..1131
            (ident items @1126..1131))
          (field status @1133..1155
            (member Pending @1141..1155
              (ident Status @1141..1147))))))
    (fn total [] @1170..1262
      (return @1198..1256
        (pipeline @1205..1255
          (pipeline @1205..1246
            (ident items @1205..1210)
            (call @1214..1246
              (ident map @1214..1217)
              (closure [it] @1218..1245
                (binary "*" @1228..1245
                  (member price @1228..1236
                    (ident it @1228..1230))
                  (member qty @1239..1245
                    (ident it @1239..1241))))))
          (call @1250..1255
            (ident sum @1250..1253)))))
    (fn label [] @1268..1525
      (return @1297..1519
        (match @1304..1518
          (ident status @1310..1316)
          (arm Status.Pending
            (interp @1350..1381
              (lit "Order #")
              (hole
                (ident id @1360..1362))
              (lit " awaiting payment")))
          (arm Status.Paid
            (interp @1414..1451
              (lit "Order #")
              (hole
                (ident id @1424..1426))
              (lit " paid: ")
              (hole
                (member name @1436..1449
                  (ident customer @1436..1444)))))
          (arm Status.Refunded
            (interp @1484..1507
              (lit "Order #")
              (hole
                (ident id @1494..1496))
              (lit " refunded")))))))
  (fn validate [items] @1529..1823
    (if @1592..1659
      (binary "==" @1595..1613
        (call @1595..1608
          (member count @1595..1606
            (ident items @1595..1600)))
        (int 0 @1612..1613))
      (then
        (return @1624..1653
          (call @1631..1652
            (ident Err @1631..1634)
            (member Empty @1635..1651
              (ident OrderError @1635..1645))))))
    (for [i item] @1664..1804
      (call @1681..1698
        (member enumerate @1681..1696
          (ident items @1681..1686)))
      (if @1709..1798
        (binary "<" @1712..1726
          (member price @1712..1722
            (ident item @1712..1716))
          (int 0 @1725..1726))
        (then
          (return @1741..1788
            (call @1748..1787
              (ident Err @1748..1751)
              (call @1752..1786
                (member NegativePrice @1752..1776
                  (ident OrderError @1752..1762))
                (ident i @1784..1785)))))))
    (return @1809..1821
      (call @1816..1820
        (ident Ok @1816..1818))))
  (fn place [items customer] @1825..2019
    (expr-stmt @1902..1919
      (try @1902..1918
        (call @1902..1917
          (ident validate @1902..1910)
          (ident items @1911..1916))))
    (return @1924..2017
      (call @1931..2016
        (ident Ok @1931..1933)
        (object Order @1934..2015
          (field id @1942..1955
            (call @1946..1955
              (ident next_id @1946..1953)))
          (field customer @1957..1975
            (ident customer @1967..1975))
          (field items @1977..1989
            (ident items @1984..1989))
          (field status @1991..2013
            (member Pending @1999..2013
              (ident Status @1999..2005)))))))
  (fn describe [items customer] @2040..2382
    (return @2101..2380
      (match @2108..2379
        (call @2114..2136
          (ident place @2114..2119)
          (ident items @2120..2125)
          (ident customer @2127..2135))
        (arm Ok(order)
          (call @2161..2174
            (member label @2161..2172
              (ident order @2161..2166))))
        (arm Err(error)
          (match @2198..2372
            (ident error @2204..2209)
            (arm OrderError.Empty
              (str "Cannot place an empty order" @2255..2284))
            (arm OrderError.NegativePrice(i)
              (interp @2329..2361
                (lit "Item ")
                (hole
                  (ident i @2337..2338))
                (lit " has a negative price"))))))))
  (binding customer @2384..2425
    (object User @2395..2424
      (field name @2402..2422
        (str "Ada Lovelace" @2408..2422))))
  (binding items @2426..2495
    (list @2434..2494
      (object Item @2435..2463
        (field price @2442..2453
          (float 9.99 @2449..2453))
        (field qty @2455..2461
          (int 2 @2460..2461)))
      (object Item @2465..2493
        (field price @2472..2483
          (float 4.5 @2479..2483))
        (field qty @2485..2491
          (int 1 @2490..2491)))))
  (binding order @2497..2528
    (call @2505..2527
      (ident place @2505..2510)
      (ident items @2511..2516)
      (ident customer @2518..2526)))
  (echo @2529..2612
    (match @2534..2611
      (ident order @2540..2545)
      (arm Ok(o)
        (interp @2562..2584
          (lit "Placed: ")
          (hole
            (call @2573..2582
              (member label @2573..2580
                (ident o @2573..2574))))))
      (arm Err(e)
        (str "Failed" @2600..2608))))
  (echo @2613..2644
    (call @2618..2643
      (ident describe @2618..2626)
      (ident items @2627..2632)
      (ident customer @2634..2642)))
  (echo @2645..2673
    (call @2650..2672
      (ident describe @2650..2658)
      (list @2659..2661)
      (ident customer @2663..2671)))
  (echo @2674..2730
    (call @2679..2729
      (ident describe @2679..2687)
      (list @2688..2718
        (object Item @2689..2717
          (field price @2696..2707
            (unary "-" @2703..2707
              (float 1 @2704..2707)))
          (field qty @2709..2715
            (int 1 @2714..2715))))
      (ident customer @2720..2728))))
