---
source: crates/lang-parser/src/lib.rs
assertion_line: 3084
expression: "pretty(\"@bench(iterations: 1000) { fn hot(): void { return; } }\\n@bench(iterations: 50) fn warm(): void { return; }\")"
---
(program @0..106
  (tier bench(iterations: 1000) @0..55
    (fn hot [] @27..53
      (return @44..51)))
  (tier bench(iterations: 50) @56..106
    (fn warm [] @79..106
      (return @97..104))))
