---
source: crates/lang-parser/src/lib.rs
assertion_line: 3059
expression: "pretty(\"c = C {}\\nif (C { x: 1 }).x { echo \\\"y\\\" }\")"
---
(program @0..39
  (binding c @0..8
    (object C @4..8))
  (if @9..39
    (member x @12..26
      (object C @13..23
        (field x @17..21
          (int 1 @20..21))))
    (then
      (echo @29..37
        (str "y" @34..37)))))
