---
source: crates/lang-parser/src/lib.rs
assertion_line: 2813
expression: "pretty(\"for (i, x) in [10, 20].enumerate() { if i == 0 { echo x; } else { echo {\\\"k\\\": x}; } }\")"
---
(program @0..84
  (for [(i, x)] @0..84
    (call @14..34
      (member enumerate @14..32
        (list @14..22
          (int 10 @15..17)
          (int 20 @19..21))))
    (if @37..82
      (binary "==" @40..46
        (ident i @40..41)
        (int 0 @45..46))
      (then
        (echo @49..56
          (ident x @54..55)))
      (else
        (echo @66..80
          (map @71..79
            (entry
              (str "k" @72..75)
              (ident x @77..78))))))))
