---
source: crates/lang-parser/src/lib.rs
expression: "pretty(\"type Item = { price: float, qty: int }; class Box { id: int mut tag: string fn new(id: int): Box { return Box { id: id, tag: \\\"x\\\" }; } } b = Box { id: 1, ...base };\")"
---
(program @0..163
  (record Item [price qty] @0..39)
  (class Box [id mut tag] @40..135
    (fn new [id] @76..133
      (return @99..131
        (object Box @106..130
          (field id @112..118
            (ident id @116..118))
          (field tag @120..128
            (str "x" @125..128))))))
  (binding b @136..163
    (object Box @140..162
      (field id @146..151
        (int 1 @150..151))
      (spread
        (ident base @156..160)))))
