---
source: crates/lang-parser/src/lib.rs
assertion_line: 2265
expression: "pretty(\"x = invoke(obj, \\\"area\\\", [1, 2]);\")"
---
(program @0..32
  (binding x @0..32
    (invoke @4..31
      (ident obj @11..14)
      (str "area" @16..22)
      (list @24..30
        (int 1 @25..26)
        (int 2 @28..29)))))
