---
source: crates/lang-parser/src/lib.rs
assertion_line: 1421
expression: "pretty(\"echo \\\"Order #${id} by ${user.name}\\\";\")"
---
(program @0..36
  (echo @0..36
    (interp @5..35
      (lit "Order #")
      (hole
        (ident id @15..17))
      (lit " by ")
      (hole
        (member name @24..33
          (ident user @24..28))))))
