---
source: crates/lang-check/tests/diagnostics.rs
expression: out
---
================ E0007 arithmetic type mismatch ================
[E0007] Error: cannot apply `+` to `int` and `bool`
   ╭─[ snippet.lang:1:6 ]
   │
 1 │ echo 1 + true;
   │      ────┬───  
   │          ╰───── cannot apply `+` to `int` and `bool`
───╯

================ E0011 non-exhaustive match ================
[E0011] Error: non-exhaustive `match`: missing C
   ╭─[ snippet.lang:2:6 ]
   │
 2 │ echo match E.A { E.A => 1, E.B => 2 };
   │      ────────────────┬───────────────  
   │                      ╰───────────────── non-exhaustive `match`: missing C
   │ 
   │ Help: add an arm for each missing case, or a `_` catch-all
───╯

================ E0012 `?` on a non-fallible value ================
[E0012] Error: `?` expects a `Result` or `Option`, found `int`
   ╭─[ snippet.lang:1:22 ]
   │
 1 │ fn f(): int { return 5?; }
   │                      ─┬  
   │                       ╰── `?` expects a `Result` or `Option`, found `int`
   │ 
   │ Help: `?` only propagates `Result`/`Option`; this value is neither
───╯
